* This file is a dictionary of all mob identifiers (modname:mobname) to help you.
* The MISC mobs can only be spawned as Psuedo Mobs.  They do not spawn normally.
* Some MISC things like Item Frames won't spawn propery.
* 
minecraft:allay, CREATURE
minecraft:area_effect_cloud, MISC
minecraft:armor_stand, MISC
minecraft:arrow, MISC
minecraft:axolotl, AXOLOTLS
minecraft:bat, AMBIENT
minecraft:bee, CREATURE
minecraft:blaze, MONSTER
minecraft:block_display, MISC
minecraft:boat, MISC
minecraft:camel, CREATURE
minecraft:cat, CREATURE
minecraft:cave_spider, MONSTER
minecraft:chest_boat, MISC
minecraft:chest_minecart, MISC
minecraft:chicken, CREATURE
minecraft:cod, WATER_AMBIENT
minecraft:command_block_minecart, MISC
minecraft:cow, CREATURE
minecraft:creeper, MONSTER
minecraft:dolphin, WATER_CREATURE
minecraft:donkey, CREATURE
minecraft:dragon_fireball, MISC
minecraft:drowned, MONSTER
minecraft:egg, MISC
minecraft:elder_guardian, MONSTER
minecraft:end_crystal, MISC
minecraft:ender_dragon, MONSTER
minecraft:ender_pearl, MISC
minecraft:enderman, MONSTER
minecraft:endermite, MONSTER
minecraft:evoker, MONSTER
minecraft:evoker_fangs, MISC
minecraft:experience_bottle, MISC
minecraft:experience_orb, MISC
minecraft:eye_of_ender, MISC
minecraft:falling_block, MISC
minecraft:firework_rocket, MISC
minecraft:fox, CREATURE
minecraft:frog, CREATURE
minecraft:furnace_minecart, MISC
minecraft:ghast, MONSTER
minecraft:giant, MONSTER
minecraft:glow_item_frame, MISC
minecraft:glow_squid, UNDERGROUND_WATER_CREATURE
minecraft:goat, CREATURE
minecraft:guardian, MONSTER
minecraft:hoglin, MONSTER
minecraft:hopper_minecart, MISC
minecraft:horse, CREATURE
minecraft:husk, MONSTER
minecraft:illusioner, MONSTER
minecraft:interaction, MISC
minecraft:iron_golem, MISC
minecraft:item, MISC
minecraft:item_display, MISC
minecraft:item_frame, MISC
minecraft:fireball, MISC
minecraft:leash_knot, MISC
minecraft:lightning_bolt, MISC
minecraft:llama, CREATURE
minecraft:llama_spit, MISC
minecraft:magma_cube, MONSTER
minecraft:marker, MISC
minecraft:minecart, MISC
minecraft:mooshroom, CREATURE
minecraft:mule, CREATURE
minecraft:ocelot, CREATURE
minecraft:painting, MISC
minecraft:panda, CREATURE
minecraft:parrot, CREATURE
minecraft:phantom, MONSTER
minecraft:pig, CREATURE
minecraft:piglin, MONSTER
minecraft:piglin_brute, MONSTER
minecraft:pillager, MONSTER
minecraft:polar_bear, CREATURE
minecraft:potion, MISC
minecraft:pufferfish, WATER_AMBIENT
minecraft:rabbit, CREATURE
minecraft:ravager, MONSTER
minecraft:salmon, WATER_AMBIENT
minecraft:sheep, CREATURE
minecraft:shulker, MONSTER
minecraft:shulker_bullet, MISC
minecraft:silverfish, MONSTER
minecraft:skeleton, MONSTER
minecraft:skeleton_horse, CREATURE
minecraft:slime, MONSTER
minecraft:small_fireball, MISC
minecraft:sniffer, CREATURE
minecraft:snow_golem, MISC
minecraft:snowball, MISC
minecraft:spawner_minecart, MISC
minecraft:spectral_arrow, MISC
minecraft:spider, MONSTER
minecraft:squid, WATER_CREATURE
minecraft:stray, MONSTER
minecraft:strider, CREATURE
minecraft:tadpole, CREATURE
minecraft:text_display, MISC
minecraft:tnt, MISC
minecraft:tnt_minecart, MISC
minecraft:trader_llama, CREATURE
minecraft:trident, MISC
minecraft:tropical_fish, WATER_AMBIENT
minecraft:turtle, CREATURE
minecraft:vex, MONSTER
minecraft:villager, MISC
minecraft:vindicator, MONSTER
minecraft:wandering_trader, CREATURE
minecraft:warden, MONSTER
minecraft:witch, MONSTER
minecraft:wither, MONSTER
minecraft:wither_skeleton, MONSTER
minecraft:wither_skull, MISC
minecraft:wolf, CREATURE
minecraft:zoglin, MONSTER
minecraft:zombie, MONSTER
minecraft:zombie_horse, CREATURE
minecraft:zombie_villager, MONSTER
minecraft:zombified_piglin, MONSTER
battletowers:battle_tower_golem, MONSTER
battletowers:battle_tower_golem_fireball, MISC
human_reborn:human, MONSTER
sleep_tight:bed_entity, MISC
sleep_tight:bedbug, MONSTER
sleep_tight:dreamer_essence_dummy, MISC
enhancedai:thrown_web, MISC
aether:phyg, CREATURE
aether:flying_cow, CREATURE
aether:sheepuff, CREATURE
aether:moa, CREATURE
aether:aerbunny, CREATURE
aether:aerwhale, AETHER_AERWHALE
aether:blue_swet, AETHER_SURFACE_MONSTER
aether:golden_swet, AETHER_SURFACE_MONSTER
aether:whirlwind, AETHER_SURFACE_MONSTER
aether:evil_whirlwind, AETHER_SURFACE_MONSTER
aether:aechor_plant, AETHER_SURFACE_MONSTER
aether:cockatrice, AETHER_DARKNESS_MONSTER
aether:zephyr, AETHER_SKY_MONSTER
aether:mimic, MONSTER
aether:sentry, MONSTER
aether:slider, MONSTER
aether:valkyrie, MONSTER
aether:valkyrie_queen, MONSTER
aether:fire_minion, MONSTER
aether:sun_spirit, MONSTER
aether:skyroot_boat, MISC
aether:skyroot_chest_boat, MISC
aether:cloud_minion, MISC
aether:cold_parachute, MISC
aether:golden_parachute, MISC
aether:floating_block, MISC
aether:tnt_present, MISC
aether:zephyr_snowball, MISC
aether:cloud_crystal, MISC
aether:fire_crystal, MISC
aether:ice_crystal, MISC
aether:thunder_crystal, MISC
aether:golden_dart, MISC
aether:poison_dart, MISC
aether:enchanted_dart, MISC
aether:poison_needle, MISC
aether:lightning_knife, MISC
aether:hammer_projectile, MISC
lost_aether_content:aerwhale_king, MONSTER
lost_aether_content:falling_rock, MISC
lost_aether_content:cloud_shot, MISC
insanelib:area_effect_cloud_3d, MISC
obsidianboat:obsidian_boat, MISC
amendments:falling_lantern, MISC
iguanatweaksexpanded:mining_charge, MISC
iguanatweaksexpanded:quartz_arrow, MISC
iguanatweaksexpanded:diamond_arrow, MISC
iguanatweaksexpanded:explosive_arrow, MISC
iguanatweaksexpanded:torch_arrow, MISC
iguanatweaksexpanded:ice_arrow, MISC
iguanatweaksreborn:pilable_falling_layer, MISC
quark:quark_boat, MISC
quark:quark_chest_boat, MISC
quark:crab, CREATURE
quark:dyed_item_frame, MISC
quark:forgotten, MONSTER
quark:foxhound, CREATURE
quark:glass_frame, MISC
quark:gravisand, MISC
quark:parrot_egg, MISC
quark:pickarang, MISC
quark:flamerang, MISC
quark:shiba, CREATURE
quark:skull_pike, MISC
quark:stoneling, CREATURE
quark:stool, MISC
quark:torch_arrow, MISC
quark:toretoise, CREATURE
quark:totem, MISC
quark:wraith, MONSTER
quark:soul_bead, MISC
supplementaries:pearl_marker, MISC
supplementaries:dispenser_minecart, MISC
supplementaries:hat_stand, MISC
supplementaries:red_merchant, CREATURE
supplementaries:falling_urn, MISC
supplementaries:falling_ash, MISC
supplementaries:falling_sack, MISC
supplementaries:brick_projectile, MISC
supplementaries:bomb, MISC
supplementaries:rope_arrow, MISC
supplementaries:slingshot_projectile, MISC
